Energy-E_F (eV)    DOS (1/eV)    PDOS (1/eV)  of atom type Si 
     -7.58654      0.26408      0.26408
     -7.57654      0.14788      0.14788
     -7.56654      0.08883      0.08883
     -7.55654      0.19675      0.19675
     -7.54654      0.29636      0.29636
     -7.53654      0.42858      0.42858
     -7.52654      0.62887      0.62887
     -7.51654      0.50834      0.50834
     -7.50654      0.22559      0.22559
     -7.49654      0.18085      0.18085
     -7.48654      0.23685      0.23685
     -7.47654      0.14983      0.14983
     -7.46654      0.09829      0.09829
     -7.45654      0.12205      0.12205
     -7.44654      0.10917      0.10917
     -7.43654      0.19304      0.19304
     -7.42654      0.33126      0.33126
     -7.41654      0.24784      0.24784
     -7.40654      0.08890      0.08890
     -7.39654      0.09858      0.09858
     -7.38654      0.21728      0.21728
     -7.37654      0.19382      0.19382
     -7.36654      0.06374      0.06374
     -7.35654      0.00771      0.00771
     -7.34654      0.00034      0.00034
     -7.33654      0.00002      0.00002
     -7.32654      0.00086      0.00086
     -7.31654      0.01520      0.01520
     -7.30654      0.10207      0.10207
     -7.29654      0.28188      0.28188
     -7.28654      0.38297      0.38297
     -7.27654      0.33412      0.33412
     -7.26654      0.22242      0.22242
     -7.25654      0.10702      0.10702
     -7.24654      0.07357      0.07357
     -7.23654      0.17113      0.17113
     -7.22654      0.29810      0.29810
     -7.21654      0.44208      0.44208
     -7.20654      0.48904      0.48904
     -7.19654      0.24919      0.24919
     -7.18654      0.04938      0.04938
     -7.17654      0.00746      0.00746
     -7.16654      0.04120      0.04120
     -7.15654      0.19281      0.19281
     -7.14654      0.40555      0.40555
     -7.13654      0.37164      0.37164
     -7.12654      0.15128      0.15128
     -7.11654      0.07094      0.07094
     -7.10654      0.13619      0.13619
     -7.09654      0.23801      0.23801
     -7.08654      0.21518      0.21518
     -7.07654      0.26322      0.26322
     -7.06654      0.56836      0.56836
     -7.05654      0.68466      0.68466
     -7.04654      0.53913      0.53913
     -7.03654      0.48589      0.48589
     -7.02654      0.44751      0.44751
     -7.01654      0.35160      0.35160
     -7.00654      0.34730      0.34730
     -6.99654      0.36228      0.36228
     -6.98654      0.28693      0.28693
     -6.97654      0.23298      0.23298
     -6.96654      0.34128      0.34128
     -6.95654      0.40918      0.40918
     -6.94654      0.32410      0.32410
     -6.93654      0.17699      0.17699
     -6.92654      0.05762      0.05762
     -6.91654      0.00866      0.00866
     -6.90654      0.00179      0.00179
     -6.89654      0.02183      0.02183
     -6.88654      0.14342      0.14342
     -6.87654      0.40136      0.40136
     -6.86654      0.62479      0.62479
     -6.85654      0.66317      0.66317
     -6.84654      0.38789      0.38789
     -6.83654      0.15711      0.15711
     -6.82654      0.32435      0.32435
     -6.81654      0.64462      0.64462
     -6.80654      0.62399      0.62399
     -6.79654      0.50868      0.50868
     -6.78654      0.53871      0.53871
     -6.77654      0.62343      0.62343
     -6.76654      0.67921      0.67921
     -6.75654      0.55390      0.55390
     -6.74654      0.47932      0.47932
     -6.73654      0.55049      0.55049
     -6.72654      0.68372      0.68372
     -6.71654      0.85916      0.85916
     -6.70654      0.96339      0.96339
     -6.69654      0.68868      0.68868
     -6.68654      0.46618      0.46618
     -6.67654      0.68306      0.68306
     -6.66654      0.97443      0.97443
     -6.65654      0.92470      0.92470
     -6.64654      0.70998      0.70998
     -6.63654      0.55969      0.55969
     -6.62654      0.62825      0.62825
     -6.61654      0.64570      0.64570
     -6.60654      0.78291      0.78291
     -6.59654      1.26742      1.26742
     -6.58654      1.29130      1.29130
     -6.57654      0.89428      0.89428
     -6.56654      0.81811      0.81811
     -6.55654      0.80735      0.80735
     -6.54654      0.60423      0.60423
     -6.53654      0.52126      0.52126
     -6.52654      0.53030      0.53030
     -6.51654      0.80925      0.80925
     -6.50654      1.53424      1.53424
     -6.49654      1.75694      1.75694
     -6.48654      1.32426      1.32426
     -6.47654      1.03442      1.03442
     -6.46654      1.12804      1.12804
     -6.45654      1.08008      1.08008
     -6.44654      0.64407      0.64407
     -6.43654      0.46617      0.46617
     -6.42654      0.78673      0.78673
     -6.41654      1.18770      1.18770
     -6.40654      1.30669      1.30669
     -6.39654      1.21076      1.21076
     -6.38654      1.04460      1.04460
     -6.37654      1.02701      1.02701
     -6.36654      1.36761      1.36761
     -6.35654      1.91573      1.91573
     -6.34654      1.90039      1.90039
     -6.33654      1.29285      1.29285
     -6.32654      0.84270      0.84270
     -6.31654      0.89309      0.89309
     -6.30654      1.23477      1.23477
     -6.29654      1.34706      1.34706
     -6.28654      0.97227      0.97227
     -6.27654      0.76769      0.76769
     -6.26654      0.89270      0.89270
     -6.25654      1.04295      1.04295
     -6.24654      1.49636      1.49636
     -6.23654      1.88623      1.88623
     -6.22654      1.63822      1.63822
     -6.21654      1.11955      1.11955
     -6.20654      0.84579      0.84579
     -6.19654      0.88159      0.88159
     -6.18654      1.02017      1.02017
     -6.17654      1.20089      1.20089
     -6.16654      1.58286      1.58286
     -6.15654      1.77071      1.77071
     -6.14654      1.81268      1.81268
     -6.13654      1.91198      1.91198
     -6.12654      1.53786      1.53786
     -6.11654      1.04218      1.04218
     -6.10654      1.12871      1.12871
     -6.09654      1.70479      1.70479
     -6.08654      2.36867      2.36867
     -6.07654      3.01152      3.01152
     -6.06654      3.09290      3.09290
     -6.05654      2.60443      2.60443
     -6.04654      2.23788      2.23788
     -6.03654      1.82054      1.82054
     -6.02654      1.51165      1.51165
     -6.01654      1.53257      1.53257
     -6.00654      1.62943      1.62943
     -5.99654      1.44283      1.44283
     -5.98654      1.08158      1.08158
     -5.97654      0.98706      0.98706
     -5.96654      0.96240      0.96240
     -5.95654      1.05254      1.05254
     -5.94654      1.12416      1.12416
     -5.93654      0.93246      0.93246
     -5.92654      0.88127      0.88127
     -5.91654      1.01972      1.01972
     -5.90654      0.94757      0.94757
     -5.89654      0.93727      0.93727
     -5.88654      1.11018      1.11018
     -5.87654      1.26138      1.26138
     -5.86654      1.59114      1.59114
     -5.85654      2.31041      2.31041
     -5.84654      2.90094      2.90094
     -5.83654      2.82276      2.82276
     -5.82654      2.17270      2.17270
     -5.81654      1.65791      1.65791
     -5.80654      1.53664      1.53664
     -5.79654      2.00416      2.00416
     -5.78654      2.31240      2.31240
     -5.77654      1.82856      1.82856
     -5.76654      1.37048      1.37048
     -5.75654      1.17913      1.17913
     -5.74654      0.99125      0.99125
     -5.73654      0.88542      0.88542
     -5.72654      0.96722      0.96722
     -5.71654      1.16055      1.16055
     -5.70654      1.26173      1.26173
     -5.69654      1.48477      1.48477
     -5.68654      1.53728      1.53728
     -5.67654      1.41251      1.41251
     -5.66654      1.44528      1.44528
     -5.65654      1.43820      1.43820
     -5.64654      1.21147      1.21147
     -5.63654      1.02498      1.02498
     -5.62654      1.10597      1.10597
     -5.61654      1.82172      1.82172
     -5.60654      2.19397      2.19397
     -5.59654      1.73565      1.73565
     -5.58654      1.50463      1.50463
     -5.57654      1.78459      1.78459
     -5.56654      1.51967      1.51967
     -5.55654      0.90283      0.90283
     -5.54654      1.06259      1.06259
     -5.53654      1.50211      1.50211
     -5.52654      1.65514      1.65514
     -5.51654      1.56588      1.56588
     -5.50654      1.42553      1.42553
     -5.49654      1.25514      1.25514
     -5.48654      1.21903      1.21903
     -5.47654      1.61293      1.61293
     -5.46654      2.05227      2.05227
     -5.45654      2.58417      2.58417
     -5.44654      2.86943      2.86943
     -5.43654      2.42100      2.42100
     -5.42654      1.76408      1.76408
     -5.41654      1.51838      1.51838
     -5.40654      1.64544      1.64544
     -5.39654      1.92405      1.92405
     -5.38654      2.33435      2.33435
     -5.37654      2.47433      2.47433
     -5.36654      2.25260      2.25260
     -5.35654      1.76749      1.76749
     -5.34654      1.77286      1.77286
     -5.33654      2.66295      2.66295
     -5.32654      3.01833      3.01833
     -5.31654      2.06079      2.06079
     -5.30654      1.19169      1.19169
     -5.29654      1.18267      1.18267
     -5.28654      1.47991      1.47991
     -5.27654      1.73001      1.73001
     -5.26654      1.90788      1.90788
     -5.25654      2.09297      2.09297
     -5.24654      1.98545      1.98545
     -5.23654      1.79023      1.79023
     -5.22654      2.00190      2.00190
     -5.21654      1.86763      1.86763
     -5.20654      1.41465      1.41465
     -5.19654      1.15979      1.15979
     -5.18654      1.28335      1.28335
     -5.17654      2.18813      2.18813
     -5.16654      2.79047      2.79047
     -5.15654      2.16686      2.16686
     -5.14654      1.69898      1.69898
     -5.13654      1.69390      1.69390
     -5.12654      1.61862      1.61862
     -5.11654      1.79253      1.79253
     -5.10654      2.17295      2.17295
     -5.09654      2.24373      2.24373
     -5.08654      1.86758      1.86758
     -5.07654      1.42497      1.42497
     -5.06654      1.32996      1.32996
     -5.05654      1.07917      1.07917
     -5.04654      0.99125      0.99125
     -5.03654      1.22259      1.22259
     -5.02654      1.30197      1.30197
     -5.01654      1.21968      1.21968
     -5.00654      1.17632      1.17632
     -4.99654      0.99998      0.99998
     -4.98654      1.07016      1.07016
     -4.97654      1.71564      1.71564
     -4.96654      2.01776      2.01776
     -4.95654      1.44744      1.44744
     -4.94654      0.89164      0.89164
     -4.93654      0.77103      0.77103
     -4.92654      0.93692      0.93692
     -4.91654      0.98433      0.98433
     -4.90654      0.89053      0.89053
     -4.89654      1.37268      1.37268
     -4.88654      2.06906      2.06906
     -4.87654      1.96768      1.96768
     -4.86654      1.45177      1.45177
     -4.85654      1.03219      1.03219
     -4.84654      0.83301      0.83301
     -4.83654      1.04662      1.04662
     -4.82654      1.50047      1.50047
     -4.81654      1.51414      1.51414
     -4.80654      1.24211      1.24211
     -4.79654      1.24696      1.24696
     -4.78654      1.13477      1.13477
     -4.77654      0.98908      0.98908
     -4.76654      0.98908      0.98908
     -4.75654      1.02778      1.02778
     -4.74654      1.04596      1.04596
     -4.73654      0.94801      0.94801
     -4.72654      1.00777      1.00777
     -4.71654      1.37046      1.37046
     -4.70654      1.63590      1.63590
     -4.69654      1.44873      1.44873
     -4.68654      1.24634      1.24634
     -4.67654      1.19376      1.19376
     -4.66654      1.07181      1.07181
     -4.65654      1.38745      1.38745
     -4.64654      1.97682      1.97682
     -4.63654      1.80422      1.80422
     -4.62654      1.24656      1.24656
     -4.61654      1.15012      1.15012
     -4.60654      1.21112      1.21112
     -4.59654      0.89006      0.89006
     -4.58654      0.61937      0.61937
     -4.57654      0.89579      0.89579
     -4.56654      1.31052      1.31052
     -4.55654      1.31644      1.31644
     -4.54654      0.94742      0.94742
     -4.53654      0.57526      0.57526
     -4.52654      0.55796      0.55796
     -4.51654      0.73473      0.73473
     -4.50654      1.09452      1.09452
     -4.49654      1.74812      1.74812
     -4.48654      2.04925      2.04925
     -4.47654      1.64386      1.64386
     -4.46654      1.01468      1.01468
     -4.45654      0.48351      0.48351
     -4.44654      0.34116      0.34116
     -4.43654      0.45604      0.45604
     -4.42654      0.72019      0.72019
     -4.41654      0.89725      0.89725
     -4.40654      0.86461      0.86461
     -4.39654      0.72887      0.72887
     -4.38654      0.68945      0.68945
     -4.37654      0.82008      0.82008
     -4.36654      0.92267      0.92267
     -4.35654      0.84528      0.84528
     -4.34654      0.86407      0.86407
     -4.33654      1.22773      1.22773
     -4.32654      1.63130      1.63130
     -4.31654      1.65085      1.65085
     -4.30654      1.45276      1.45276
     -4.29654      1.25862      1.25862
     -4.28654      1.03530      1.03530
     -4.27654      0.84709      0.84709
     -4.26654      0.82808      0.82808
     -4.25654      0.89749      0.89749
     -4.24654      1.13808      1.13808
     -4.23654      1.19215      1.19215
     -4.22654      0.89073      0.89073
     -4.21654      0.72212      0.72212
     -4.20654      0.78513      0.78513
     -4.19654      0.77305      0.77305
     -4.18654      0.52644      0.52644
     -4.17654      0.50632      0.50632
     -4.16654      0.63528      0.63528
     -4.15654      0.63424      0.63424
     -4.14654      0.59940      0.59940
     -4.13654      0.48711      0.48711
     -4.12654      0.36380      0.36380
     -4.11654      0.38386      0.38386
     -4.10654      0.36683      0.36683
     -4.09654      0.54199      0.54199
     -4.08654      0.98240      0.98240
     -4.07654      1.00331      1.00331
     -4.06654      0.52297      0.52297
     -4.05654      0.13796      0.13796
     -4.04654      0.06840      0.06840
     -4.03654      0.24789      0.24789
     -4.02654      0.51026      0.51026
     -4.01654      0.59118      0.59118
     -4.00654      0.63750      0.63750
     -3.99654      0.79196      0.79196
     -3.98654      0.76900      0.76900
     -3.97654      0.59416      0.59416
     -3.96654      0.52680      0.52680
     -3.95654      0.76018      0.76018
     -3.94654      0.87543      0.87543
     -3.93654      0.64895      0.64895
     -3.92654      0.41936      0.41936
     -3.91654      0.26497      0.26497
     -3.90654      0.30589      0.30589
     -3.89654      0.37878      0.37878
     -3.88654      0.28548      0.28548
     -3.87654      0.11133      0.11133
     -3.86654      0.06361      0.06361
     -3.85654      0.20013      0.20013
     -3.84654      0.38350      0.38350
     -3.83654      0.43933      0.43933
     -3.82654      0.45546      0.45546
     -3.81654      0.43341      0.43341
     -3.80654      0.28619      0.28619
     -3.79654      0.19715      0.19715
     -3.78654      0.48953      0.48953
     -3.77654      1.08669      1.08669
     -3.76654      1.41876      1.41876
     -3.75654      0.97467      0.97467
     -3.74654      0.39953      0.39953
     -3.73654      0.50723      0.50723
     -3.72654      0.89955      0.89955
     -3.71654      0.92331      0.92331
     -3.70654      1.01032      1.01032
     -3.69654      1.39907      1.39907
     -3.68654      1.20837      1.20837
     -3.67654      0.62224      0.62224
     -3.66654      0.28122      0.28122
     -3.65654      0.08982      0.08982
     -3.64654      0.01583      0.01583
     -3.63654      0.03816      0.03816
     -3.62654      0.17423      0.17423
     -3.61654      0.38113      0.38113
     -3.60654      0.52200      0.52200
     -3.59654      0.48076      0.48076
     -3.58654      0.32398      0.32398
     -3.57654      0.36031      0.36031
     -3.56654      0.57431      0.57431
     -3.55654      0.49517      0.49517
     -3.54654      0.23905      0.23905
     -3.53654      0.22003      0.22003
     -3.52654      0.31539      0.31539
     -3.51654      0.40563      0.40563
     -3.50654      0.50809      0.50809
     -3.49654      0.38737      0.38737
     -3.48654      0.12278      0.12278
     -3.47654      0.01551      0.01551
     -3.46654      0.01415      0.01415
     -3.45654      0.08922      0.08922
     -3.44654      0.21907      0.21907
     -3.43654      0.23051      0.23051
     -3.42654      0.28932      0.28932
     -3.41654      0.59507      0.59507
     -3.40654      0.75899      0.75899
     -3.39654      0.53712      0.53712
     -3.38654      0.25723      0.25723
     -3.37654      0.36132      0.36132
     -3.36654      0.61157      0.61157
     -3.35654      0.57865      0.57865
     -3.34654      0.41801      0.41801
     -3.33654      0.28304      0.28304
     -3.32654      0.25340      0.25340
     -3.31654      0.33665      0.33665
     -3.30654      0.40478      0.40478
     -3.29654      0.42474      0.42474
     -3.28654      0.47071      0.47071
     -3.27654      0.59459      0.59459
     -3.26654      0.56449      0.56449
     -3.25654      0.52519      0.52519
     -3.24654      0.60679      0.60679
     -3.23654      0.40877      0.40877
     -3.22654      0.11428      0.11428
     -3.21654      0.01264      0.01264
     -3.20654      0.00069      0.00069
     -3.19654      0.00411      0.00411
     -3.18654      0.04274      0.04274
     -3.17654      0.16379      0.16379
     -3.16654      0.23091      0.23091
     -3.15654      0.11976      0.11976
     -3.14654      0.02336      0.02336
     -3.13654      0.01208      0.01208
     -3.12654      0.08085      0.08085
     -3.11654      0.24404      0.24404
     -3.10654      0.31160      0.31160
     -3.09654      0.20613      0.20613
     -3.08654      0.17871      0.17871
     -3.07654      0.23948      0.23948
     -3.06654      0.16735      0.16735
     -3.05654      0.13345      0.13345
     -3.04654      0.29387      0.29387
     -3.03654      0.43215      0.43215
     -3.02654      0.38108      0.38108
     -3.01654      0.19784      0.19784
     -3.00654      0.05514      0.05514
     -2.99654      0.05135      0.05135
     -2.98654      0.11048      0.11048
     -2.97654      0.10555      0.10555
     -2.96654      0.10783      0.10783
     -2.95654      0.21140      0.21140
     -2.94654      0.20482      0.20482
     -2.93654      0.07418      0.07418
     -2.92654      0.01119      0.01119
     -2.91654      0.01645      0.01645
     -2.90654      0.07123      0.07123
     -2.89654      0.11720      0.11720
     -2.88654      0.07814      0.07814
     -2.87654      0.08213      0.08213
     -2.86654      0.24634      0.24634
     -2.85654      0.51199      0.51199
     -2.84654      0.83782      0.83782
     -2.83654      0.94026      0.94026
     -2.82654      0.75292      0.75292
     -2.81654      0.63653      0.63653
     -2.80654      0.48188      0.48188
     -2.79654      0.31612      0.31612
     -2.78654      0.26914      0.26914
     -2.77654      0.16281      0.16281
     -2.76654      0.04065      0.04065
     -2.75654      0.00386      0.00386
     -2.74654      0.00264      0.00264
     -2.73654      0.03093      0.03093
     -2.72654      0.14038      0.14038
     -2.71654      0.23914      0.23914
     -2.70654      0.19697      0.19697
     -2.69654      0.25279      0.25279
     -2.68654      0.46378      0.46378
     -2.67654      0.56731      0.56731
     -2.66654      0.35116      0.35116
     -2.65654      0.08970      0.08970
     -2.64654      0.00870      0.00870
     -2.63654      0.00031      0.00031
     -2.62654      0.00009      0.00009
     -2.61654      0.00289      0.00289
     -2.60654      0.03398      0.03398
     -2.59654      0.14690      0.14690
     -2.58654      0.23360      0.23360
     -2.57654      0.13666      0.13666
     -2.56654      0.02943      0.02943
     -2.55654      0.00309      0.00309
     -2.54654      0.01371      0.01371
     -2.53654      0.08974      0.08974
     -2.52654      0.21718      0.21718
     -2.51654      0.19405      0.19405
     -2.50654      0.07392      0.07392
     -2.49654      0.06516      0.06516
     -2.48654      0.11511      0.11511
     -2.47654      0.08424      0.08424
     -2.46654      0.02291      0.02291
     -2.45654      0.00674      0.00674
     -2.44654      0.04536      0.04536
     -2.43654      0.16812      0.16812
     -2.42654      0.22988      0.22988
     -2.41654      0.12109      0.12109
     -2.40654      0.07402      0.07402
     -2.39654      0.18376      0.18376
     -2.38654      0.26135      0.26135
     -2.37654      0.29232      0.29232
     -2.36654      0.49880      0.49880
     -2.35654      0.68562      0.68562
     -2.34654      0.49026      0.49026
     -2.33654      0.14909      0.14909
     -2.32654      0.01763      0.01763
     -2.31654      0.00078      0.00078
     -2.30654      0.00001      0.00001
     -2.29654      0.00000      0.00000
     -2.28654      0.00000      0.00000
     -2.27654      0.00001      0.00001
     -2.26654      0.00065      0.00065
     -2.25654      0.01224      0.01224
     -2.24654      0.08423      0.08423
     -2.23654      0.21322      0.21322
     -2.22654      0.19857      0.19857
     -2.21654      0.06803      0.06803
     -2.20654      0.00857      0.00857
     -2.19654      0.00040      0.00040
     -2.18654      0.00001      0.00001
     -2.17654      0.00000      0.00000
     -2.16654      0.00000      0.00000
     -2.15654      0.00000      0.00000
     -2.14654      0.00000      0.00000
     -2.13654      0.00000      0.00000
     -2.12654      0.00000      0.00000
     -2.11654      0.00002      0.00002
     -2.10654      0.00088      0.00088
     -2.09654      0.01213      0.01213
     -2.08654      0.06181      0.06181
     -2.07654      0.11591      0.11591
     -2.06654      0.07997      0.07997
     -2.05654      0.02029      0.02029
     -2.04654      0.00189      0.00189
     -2.03654      0.00007      0.00007
     -2.02654      0.00050      0.00050
     -2.01654      0.01016      0.01016
     -2.00654      0.07541      0.07541
     -1.99654      0.20598      0.20598
     -1.98654      0.21074      0.21074
     -1.97654      0.12721      0.12721
     -1.96654      0.26933      0.26933
     -1.95654      0.53551      0.53551
     -1.94654      0.44695      0.44695
     -1.93654      0.15486      0.15486
     -1.92654      0.07430      0.07430
     -1.91654      0.18361      0.18361
     -1.90654      0.22366      0.22366
     -1.89654      0.10075      0.10075
     -1.88654      0.01670      0.01670
     -1.87654      0.00102      0.00102
     -1.86654      0.00002      0.00002
     -1.85654      0.00000      0.00000
     -1.84654      0.00000      0.00000
     -1.83654      0.00000      0.00000
     -1.82654      0.00000      0.00000
     -1.81654      0.00000      0.00000
     -1.80654      0.00001      0.00001
     -1.79654      0.00039      0.00039
     -1.78654      0.00689      0.00689
     -1.77654      0.04516      0.04516
     -1.76654      0.11012      0.11012
     -1.75654      0.11687      0.11687
     -1.74654      0.14428      0.14428
     -1.73654      0.23451      0.23451
     -1.72654      0.19705      0.19705
     -1.71654      0.17681      0.17681
     -1.70654      0.25847      0.25847
     -1.69654      0.27926      0.27926
     -1.68654      0.33808      0.33808
     -1.67654      0.29982      0.29982
     -1.66654      0.11705      0.11705
     -1.65654      0.01794      0.01794
     -1.64654      0.00105      0.00105
     -1.63654      0.00002      0.00002
     -1.62654      0.00000      0.00000
     -1.61654      0.00000      0.00000
     -1.60654      0.00004      0.00004
     -1.59654      0.00148      0.00148
     -1.58654      0.01924      0.01924
     -1.57654      0.10474      0.10474
     -1.56654      0.26387      0.26387
     -1.55654      0.33883      0.33883
     -1.54654      0.25751      0.25751
     -1.53654      0.13754      0.13754
     -1.52654      0.04263      0.04263
     -1.51654      0.00569      0.00569
     -1.50654      0.00029      0.00029
     -1.49654      0.00007      0.00007
     -1.48654      0.00180      0.00180
     -1.47654      0.01964      0.01964
     -1.46654      0.07926      0.07926
     -1.45654      0.12466      0.12466
     -1.44654      0.11392      0.11392
     -1.43654      0.12466      0.12466
     -1.42654      0.09174      0.09174
     -1.41654      0.02710      0.02710
     -1.40654      0.00307      0.00307
     -1.39654      0.00267      0.00267
     -1.38654      0.02462      0.02462
     -1.37654      0.08859      0.08859
     -1.36654      0.13054      0.13054
     -1.35654      0.12767      0.12767
     -1.34654      0.12646      0.12646
     -1.33654      0.06932      0.06932
     -1.32654      0.01488      0.01488
     -1.31654      0.00118      0.00118
     -1.30654      0.00003      0.00003
     -1.29654      0.00000      0.00000
     -1.28654      0.00000      0.00000
     -1.27654      0.00001      0.00001
     -1.26654      0.00046      0.00046
     -1.25654      0.00778      0.00778
     -1.24654      0.04841      0.04841
     -1.23654      0.11143      0.11143
     -1.22654      0.10181      0.10181
     -1.21654      0.07603      0.07603
     -1.20654      0.12292      0.12292
     -1.19654      0.13677      0.13677
     -1.18654      0.06502      0.06502
     -1.17654      0.01217      0.01217
     -1.16654      0.00333      0.00333
     -1.15654      0.02426      0.02426
     -1.14654      0.08853      0.08853
     -1.13654      0.14313      0.14313
     -1.12654      0.21753      0.21753
     -1.11654      0.34768      0.34768
     -1.10654      0.26339      0.26339
     -1.09654      0.07741      0.07741
     -1.08654      0.03061      0.03061
     -1.07654      0.15940      0.15940
     -1.06654      0.41792      0.41792
     -1.05654      0.40582      0.40582
     -1.04654      0.14944      0.14944
     -1.03654      0.05191      0.05191
     -1.02654      0.10305      0.10305
     -1.01654      0.15369      0.15369
     -1.00654      0.21901      0.21901
     -0.99654      0.28833      0.28833
     -0.98654      0.28100      0.28100
     -0.97654      0.27317      0.27317
     -0.96654      0.34172      0.34172
     -0.95654      0.63516      0.63516
     -0.94654      0.92455      0.92455
     -0.93654      0.92295      0.92295
     -0.92654      0.67963      0.67963
     -0.91654      0.34056      0.34056
     -0.90654      0.18206      0.18206
     -0.89654      0.28841      0.28841
     -0.88654      0.43906      0.43906
     -0.87654      0.54899      0.54899
     -0.86654      0.56407      0.56407
     -0.85654      0.54146      0.54146
     -0.84654      0.59685      0.59685
     -0.83654      0.57124      0.57124
     -0.82654      0.43177      0.43177
     -0.81654      0.34558      0.34558
     -0.80654      0.29291      0.29291
     -0.79654      0.20377      0.20377
     -0.78654      0.20811      0.20811
     -0.77654      0.40709      0.40709
     -0.76654      0.50561      0.50561
     -0.75654      0.30263      0.30263
     -0.74654      0.08109      0.08109
     -0.73654      0.00924      0.00924
     -0.72654      0.00711      0.00711
     -0.71654      0.06902      0.06902
     -0.70654      0.27946      0.27946
     -0.69654      0.48733      0.48733
     -0.68654      0.41226      0.41226
     -0.67654      0.17411      0.17411
     -0.66654      0.03309      0.03309
     -0.65654      0.00271      0.00271
     -0.64654      0.00569      0.00569
     -0.63654      0.06665      0.06665
     -0.62654      0.29201      0.29201
     -0.61654      0.48927      0.48927
     -0.60654      0.43886      0.43886
     -0.59654      0.52233      0.52233
     -0.58654      0.52950      0.52950
     -0.57654      0.28638      0.28638
     -0.56654      0.21332      0.21332
     -0.55654      0.23711      0.23711
     -0.54654      0.14861      0.14861
     -0.53654      0.17699      0.17699
     -0.52654      0.32360      0.32360
     -0.51654      0.30195      0.30195
     -0.50654      0.24207      0.24207
     -0.49654      0.26220      0.26220
     -0.48654      0.20946      0.20946
     -0.47654      0.17686      0.17686
     -0.46654      0.17053      0.17053
     -0.45654      0.12654      0.12654
     -0.44654      0.06333      0.06333
     -0.43654      0.12372      0.12372
     -0.42654      0.40628      0.40628
     -0.41654      0.75709      0.75709
     -0.40654      0.75082      0.75082
     -0.39654      0.50285      0.50285
     -0.38654      0.49499      0.49499
     -0.37654      0.58010      0.58010
     -0.36654      0.70714      0.70714
     -0.35654      0.77821      0.77821
     -0.34654      0.76646      0.76646
     -0.33654      0.67470      0.67470
     -0.32654      0.37508      0.37508
     -0.31654      0.14751      0.14751
     -0.30654      0.25709      0.25709
     -0.29654      0.46563      0.46563
     -0.28654      0.37984      0.37984
     -0.27654      0.26708      0.26708
     -0.26654      0.38281      0.38281
     -0.25654      0.53770      0.53770
     -0.24654      0.64602      0.64602
     -0.23654      0.90538      0.90538
     -0.22654      0.81690      0.81690
     -0.21654      0.41808      0.41808
     -0.20654      0.30608      0.30608
     -0.19654      0.46009      0.46009
     -0.18654      0.60332      0.60332
     -0.17654      0.68788      0.68788
     -0.16654      0.67696      0.67696
     -0.15654      0.46508      0.46508
     -0.14654      0.32696      0.32696
     -0.13654      0.36173      0.36173
     -0.12654      0.67562      0.67562
     -0.11654      0.81747      0.81747
     -0.10654      0.65396      0.65396
     -0.09654      0.77001      0.77001
     -0.08654      1.17911      1.17911
     -0.07654      1.30587      1.30587
     -0.06654      0.84882      0.84882
     -0.05654      0.47322      0.47322
     -0.04654      0.78718      0.78718
     -0.03654      1.20011      1.20011
     -0.02654      1.29720      1.29720
     -0.01654      1.29772      1.29772
     -0.00654      0.91145      0.91145
      0.00346      0.40006      0.40006
      0.01346      0.25737      0.25737
      0.02346      0.49528      0.49528
      0.03346      0.75731      0.75731
      0.04346      0.95837      0.95837
      0.05346      1.10691      1.10691
      0.06346      0.94063      0.94063
      0.07346      0.63068      0.63068
      0.08346      0.59077      0.59077
      0.09346      0.87585      0.87585
      0.10346      1.03387      1.03387
      0.11346      0.71953      0.71953
      0.12346      0.45540      0.45540
      0.13346      0.41466      0.41466
      0.14346      0.40176      0.40176
      0.15346      0.44636      0.44636
      0.16346      0.50200      0.50200
      0.17346      0.46168      0.46168
      0.18346      0.76735      0.76735
      0.19346      1.26943      1.26943
      0.20346      1.20428      1.20428
      0.21346      0.78034      0.78034
      0.22346      0.80256      0.80256
      0.23346      1.00851      1.00851
      0.24346      0.89314      0.89314
      0.25346      0.55055      0.55055
      0.26346      0.31551      0.31551
      0.27346      0.34299      0.34299
      0.28346      0.38648      0.38648
      0.29346      0.49588      0.49588
      0.30346      0.74271      0.74271
      0.31346      0.71139      0.71139
      0.32346      0.57441      0.57441
      0.33346      0.55361      0.55361
      0.34346      0.37870      0.37870
      0.35346      0.27397      0.27397
      0.36346      0.38949      0.38949
      0.37346      0.54623      0.54623
      0.38346      0.84453      0.84453
      0.39346      1.06947      1.06947
      0.40346      0.85040      0.85040
      0.41346      0.60708      0.60708
      0.42346      0.77180      0.77180
      0.43346      1.05279      1.05279
      0.44346      1.03223      1.03223
      0.45346      0.85522      0.85522
      0.46346      0.71116      0.71116
      0.47346      0.91952      0.91952
      0.48346      1.34148      1.34148
      0.49346      1.55028      1.55028
      0.50346      1.41864      1.41864
      0.51346      1.18409      1.18409
      0.52346      0.91721      0.91721
      0.53346      0.57351      0.57351
      0.54346      0.57965      0.57965
      0.55346      0.80234      0.80234
      0.56346      0.93603      0.93603
      0.57346      0.91970      0.91970
      0.58346      0.83261      0.83261
      0.59346      0.63403      0.63403
      0.60346      0.47279      0.47279
      0.61346      0.62784      0.62784
      0.62346      1.01951      1.01951
      0.63346      1.15798      1.15798
      0.64346      1.36675      1.36675
      0.65346      1.64987      1.64987
      0.66346      1.35622      1.35622
      0.67346      0.90101      0.90101
      0.68346      0.69392      0.69392
      0.69346      1.09176      1.09176
      0.70346      1.98316      1.98316
      0.71346      1.99215      1.99215
      0.72346      1.01156      1.01156
      0.73346      0.35910      0.35910
      0.74346      0.27742      0.27742
      0.75346      0.33869      0.33869
      0.76346      0.35525      0.35525
      0.77346      0.46269      0.46269
      0.78346      0.84628      0.84628
      0.79346      1.00862      1.00862
      0.80346      0.87660      0.87660
      0.81346      0.96642      0.96642
      0.82346      1.44453      1.44453
      0.83346      2.35864      2.35864
      0.84346      2.51251      2.51251
      0.85346      1.69873      1.69873
      0.86346      0.90200      0.90200
      0.87346      0.50002      0.50002
      0.88346      0.59181      0.59181
      0.89346      0.86177      0.86177
      0.90346      0.94306      0.94306
      0.91346      0.93429      0.93429
      0.92346      1.17670      1.17670
      0.93346      1.29740      1.29740
      0.94346      1.13004      1.13004
      0.95346      1.00058      1.00058
      0.96346      0.83078      0.83078
      0.97346      0.87124      0.87124
      0.98346      1.01569      1.01569
      0.99346      0.84175      0.84175
      1.00346      0.66768      0.66768
      1.01346      0.92719      0.92719
      1.02346      1.49592      1.49592
      1.03346      1.78472      1.78472
      1.04346      1.35828      1.35828
      1.05346      0.86381      0.86381
      1.06346      0.89412      0.89412
      1.07346      0.91759      0.91759
      1.08346      0.87812      0.87812
      1.09346      0.88949      0.88949
      1.10346      0.86942      0.86942
      1.11346      0.85529      0.85529
      1.12346      0.74025      0.74025
      1.13346      0.75378      0.75378
      1.14346      0.86910      0.86910
      1.15346      0.93315      0.93315
      1.16346      0.84113      0.84113
      1.17346      0.47064      0.47064
      1.18346      0.28178      0.28178
      1.19346      0.55128      0.55128
      1.20346      0.94060      0.94060
      1.21346      0.97439      0.97439
      1.22346      0.86530      0.86530
      1.23346      1.08966      1.08966
      1.24346      1.25385      1.25385
      1.25346      1.36618      1.36618
      1.26346      1.62340      1.62340
      1.27346      1.88052      1.88052
      1.28346      1.80766      1.80766
      1.29346      1.72523      1.72523
      1.30346      1.58935      1.58935
      1.31346      1.17159      1.17159
      1.32346      0.70992      0.70992
      1.33346      0.44376      0.44376
      1.34346      0.57076      0.57076
      1.35346      0.77537      0.77537
      1.36346      0.73379      0.73379
      1.37346      0.64158      0.64158
      1.38346      0.68992      0.68992
      1.39346      0.88713      0.88713
      1.40346      1.00014      1.00014
      1.41346      1.01336      1.01336
      1.42346      1.08342      1.08342
      1.43346      0.96095      0.96095
      1.44346      0.80450      0.80450
      1.45346      0.88113      0.88113
      1.46346      1.08361      1.08361
      1.47346      1.33014      1.33014
      1.48346      1.55094      1.55094
      1.49346      1.50796      1.50796
      1.50346      1.22133      1.22133
      1.51346      0.96734      0.96734
      1.52346      0.82524      0.82524
      1.53346      0.88501      0.88501
      1.54346      1.09698      1.09698
      1.55346      1.20394      1.20394
      1.56346      0.99969      0.99969
      1.57346      0.71033      0.71033
      1.58346      0.80748      0.80748
      1.59346      1.17688      1.17688
      1.60346      1.34047      1.34047
      1.61346      1.13692      1.13692
      1.62346      0.99153      0.99153
      1.63346      1.18541      1.18541
      1.64346      1.38136      1.38136
      1.65346      1.42001      1.42001
      1.66346      1.22502      1.22502
      1.67346      1.02791      1.02791
      1.68346      1.36417      1.36417
      1.69346      2.03992      2.03992
      1.70346      1.96999      1.96999
      1.71346      1.45590      1.45590
      1.72346      1.29670      1.29670
      1.73346      1.31515      1.31515
      1.74346      1.29279      1.29279
      1.75346      1.11591      1.11591
      1.76346      1.00466      1.00466
      1.77346      1.02455      1.02455
      1.78346      1.21299      1.21299
      1.79346      1.49644      1.49644
      1.80346      1.86560      1.86560
      1.81346      2.02411      2.02411
      1.82346      1.71819      1.71819
      1.83346      1.67608      1.67608
      1.84346      2.04727      2.04727
      1.85346      2.23250      2.23250
      1.86346      2.24525      2.24525
      1.87346      2.48209      2.48209
      1.88346      2.79499      2.79499
      1.89346      3.15053      3.15053
      1.90346      3.16216      3.16216
      1.91346      2.61526      2.61526
      1.92346      2.42158      2.42158
      1.93346      2.63851      2.63851
      1.94346      2.43486      2.43486
      1.95346      2.13513      2.13513
      1.96346      2.23952      2.23952
      1.97346      2.72863      2.72863
      1.98346      3.15077      3.15077
      1.99346      3.19021      3.19021
      2.00346      2.98974      2.98974
      2.01346      3.18765      3.18765
      2.02346      3.52312      3.52312
      2.03346      3.19172      3.19172
      2.04346      2.81620      2.81620
      2.05346      2.56651      2.56651
      2.06346      1.86915      1.86915
      2.07346      1.64289      1.64289
      2.08346      2.41671      2.41671
      2.09346      2.94758      2.94758
      2.10346      2.85930      2.85930
      2.11346      2.66243      2.66243
      2.12346      2.15045      2.15045
      2.13346      1.84687      1.84687
      2.14346      1.93513      1.93513
      2.15346      1.95092      1.95092
      2.16346      2.35382      2.35382
      2.17346      2.80010      2.80010
      2.18346      2.67914      2.67914
      2.19346      2.51042      2.51042
      2.20346      2.37781      2.37781
      2.21346      2.20886      2.20886
      2.22346      2.18389      2.18389
      2.23346      2.26357      2.26357
      2.24346      2.19713      2.19713
      2.25346      1.94560      1.94560
      2.26346      1.58807      1.58807
      2.27346      1.50615      1.50615
      2.28346      1.57413      1.57413
      2.29346      1.23141      1.23141
      2.30346      0.74805      0.74805
      2.31346      0.76868      0.76868
      2.32346      1.03236      1.03236
      2.33346      1.42986      1.42986
      2.34346      1.83565      1.83565
      2.35346      1.89692      1.89692
      2.36346      1.68223      1.68223
      2.37346      1.26682      1.26682
      2.38346      1.16092      1.16092
      2.39346      1.74022      1.74022
      2.40346      2.15144      2.15144
      2.41346      2.06769      2.06769
      2.42346      2.10407      2.10407
      2.43346      1.94044      1.94044
      2.44346      2.00109      2.00109
      2.45346      2.46524      2.46524
      2.46346      2.47658      2.47658
      2.47346      2.01801      2.01801
      2.48346      1.87854      1.87854
      2.49346      1.87132      1.87132
      2.50346      1.52265      1.52265
      2.51346      1.85055      1.85055
      2.52346      2.68133      2.68133
      2.53346      2.90613      2.90613
      2.54346      2.24764      2.24764
      2.55346      1.60922      1.60922
      2.56346      1.11057      1.11057
      2.57346      0.79838      0.79838
      2.58346      1.18426      1.18426
      2.59346      1.60962      1.60962
      2.60346      1.91204      1.91204
      2.61346      2.33360      2.33360
      2.62346      2.33193      2.33193
      2.63346      2.11507      2.11507
      2.64346      1.72151      1.72151
      2.65346      1.41582      1.41582
      2.66346      1.52745      1.52745
      2.67346      1.75540      1.75540
      2.68346      1.73859      1.73859
      2.69346      1.44319      1.44319
      2.70346      1.05459      1.05459
      2.71346      0.93343      0.93343
      2.72346      1.18490      1.18490
      2.73346      1.74720      1.74720
      2.74346      2.26574      2.26574
      2.75346      2.25256      2.25256
      2.76346      1.78024      1.78024
      2.77346      1.45090      1.45090
      2.78346      1.35454      1.35454
      2.79346      1.44486      1.44486
      2.80346      1.52028      1.52028
      2.81346      1.48234      1.48234
      2.82346      1.58161      1.58161
      2.83346      1.63443      1.63443
      2.84346      1.47508      1.47508
      2.85346      1.07531      1.07531
      2.86346      0.92449      0.92449
      2.87346      1.08014      1.08014
      2.88346      1.14226      1.14226
      2.89346      1.21456      1.21456
      2.90346      1.43283      1.43283
      2.91346      1.57888      1.57888
      2.92346      1.59733      1.59733
      2.93346      1.57949      1.57949
      2.94346      1.80548      1.80548
      2.95346      2.08352      2.08352
      2.96346      2.04962      2.04962
      2.97346      1.73976      1.73976
      2.98346      1.46885      1.46885
      2.99346      1.47671      1.47671
      3.00346      1.20086      1.20086
      3.01346      0.77894      0.77894
      3.02346      0.81194      0.81194
      3.03346      1.28325      1.28325
      3.04346      1.71562      1.71562
      3.05346      1.77448      1.77448
      3.06346      1.75652      1.75652
      3.07346      1.49138      1.49138
      3.08346      1.16537      1.16537
      3.09346      1.08320      1.08320
      3.10346      1.06408      1.06408
      3.11346      1.32176      1.32176
      3.12346      1.69450      1.69450
      3.13346      1.44500      1.44500
