Energy-E_F (eV)    DOS (1/eV)    PDOS (1/eV)  of atom type Si 
     -5.12212      0.90309      0.00000
     -5.11212      0.52790      0.00000
     -5.10212      0.48256      0.00000
     -5.09212      0.23983      0.00000
     -5.08212      0.04551      0.00000
     -5.07212      0.00323      0.00000
     -5.06212      0.00202      0.00000
     -5.05212      0.03223      0.00000
     -5.04212      0.19752      0.00000
     -5.03212      0.44595      0.00000
     -5.02212      0.38571      0.00000
     -5.01212      0.24570      0.00000
     -5.00212      0.40656      0.00000
     -4.99212      0.42958      0.00000
     -4.98212      0.17517      0.00000
     -4.97212      0.07627      0.00000
     -4.96212      0.29864      0.00000
     -4.95212      0.67502      0.00000
     -4.94212      0.67856      0.00000
     -4.93212      0.50889      0.00000
     -4.92212      0.54429      0.00000
     -4.91212      0.54643      0.00000
     -4.90212      0.39128      0.00000
     -4.89212      0.26758      0.00000
     -4.88212      0.12368      0.00000
     -4.87212      0.10253      0.00000
     -4.86212      0.32471      0.00000
     -4.85212      0.50213      0.00000
     -4.84212      0.46597      0.00000
     -4.83212      0.52882      0.00000
     -4.82212      0.59183      0.00000
     -4.81212      1.01045      0.00000
     -4.80212      1.64394      0.00000
     -4.79212      1.74546      0.00000
     -4.78212      1.26677      0.00000
     -4.77212      0.66365      0.00000
     -4.76212      0.43940      0.00000
     -4.75212      0.49264      0.00000
     -4.74212      0.31009      0.00000
     -4.73212      0.07516      0.00000
     -4.72212      0.00673      0.00000
     -4.71212      0.00022      0.00000
     -4.70212      0.00001      0.00000
     -4.69212      0.00022      0.00000
     -4.68212      0.00673      0.00000
     -4.67212      0.07822      0.00000
     -4.66212      0.36007      0.00000
     -4.65212      0.75017      0.00000
     -4.64212      0.94379      0.00000
     -4.63212      1.01414      0.00000
     -4.62212      0.91428      0.00000
     -4.61212      0.77018      0.00000
     -4.60212      1.04426      0.00000
     -4.59212      1.50390      0.00000
     -4.58212      1.65452      0.00000
     -4.57212      1.11152      0.00000
     -4.56212      0.35123      0.00000
     -4.55212      0.09072      0.00000
     -4.54212      0.32833      0.00000
     -4.53212      1.09953      0.00000
     -4.52212      2.18935      0.00000
     -4.51212      2.83049      0.00000
     -4.50212      2.41474      0.00000
     -4.49212      2.04936      0.00000
     -4.48212      2.14712      0.00000
     -4.47212      1.78120      0.00000
     -4.46212      1.51269      0.00000
     -4.45212      1.68796      0.00000
     -4.44212      2.13177      0.00000
     -4.43212      2.81998      0.00000
     -4.42212      3.19852      0.00000
     -4.41212      3.00441      0.00000
     -4.40212      2.98301      0.00000
     -4.39212      3.01916      0.00000
     -4.38212      2.45066      0.00000
     -4.37212      1.92015      0.00000
     -4.36212      1.99785      0.00000
     -4.35212      1.89581      0.00000
     -4.34212      1.48409      0.00000
     -4.33212      1.54080      0.00000
     -4.32212      1.90188      0.00000
     -4.31212      1.92151      0.00000
     -4.30212      2.04711      0.00000
     -4.29212      2.57857      0.00000
     -4.28212      2.76360      0.00000
     -4.27212      2.92382      0.00000
     -4.26212      2.94367      0.00000
     -4.25212      2.51978      0.00000
     -4.24212      2.26053      0.00000
     -4.23212      2.73351      0.00000
     -4.22212      2.81029      0.00000
     -4.21212      2.19128      0.00000
     -4.20212      2.23117      0.00000
     -4.19212      2.39369      0.00000
     -4.18212      2.33078      0.00000
     -4.17212      2.09754      0.00000
     -4.16212      2.17194      0.00000
     -4.15212      2.30134      0.00000
     -4.14212      1.59929      0.00000
     -4.13212      1.00580      0.00000
     -4.12212      1.51012      0.00000
     -4.11212      2.20690      0.00000
     -4.10212      2.11093      0.00000
     -4.09212      2.00812      0.00000
     -4.08212      2.18384      0.00000
     -4.07212      2.19475      0.00000
     -4.06212      1.82822      0.00000
     -4.05212      1.72609      0.00000
     -4.04212      2.18754      0.00000
     -4.03212      2.27741      0.00000
     -4.02212      2.16787      0.00000
     -4.01212      1.81976      0.00000
     -4.00212      1.82984      0.00000
     -3.99212      2.30871      0.00000
     -3.98212      2.52688      0.00000
     -3.97212      2.10431      0.00000
     -3.96212      1.48311      0.00000
     -3.95212      1.81518      0.00000
     -3.94212      2.84414      0.00000
     -3.93212      3.16606      0.00000
     -3.92212      2.38505      0.00000
     -3.91212      1.52706      0.00000
     -3.90212      1.53188      0.00000
     -3.89212      2.00566      0.00000
     -3.88212      2.45766      0.00000
     -3.87212      2.69591      0.00000
     -3.86212      2.48357      0.00000
     -3.85212      1.82346      0.00000
     -3.84212      1.47637      0.00000
     -3.83212      1.77369      0.00000
     -3.82212      1.72118      0.00000
     -3.81212      1.09086      0.00000
     -3.80212      0.93860      0.00000
     -3.79212      1.37141      0.00000
     -3.78212      1.63314      0.00000
     -3.77212      1.45407      0.00000
     -3.76212      1.09436      0.00000
     -3.75212      1.10444      0.00000
     -3.74212      1.49242      0.00000
     -3.73212      1.99295      0.00000
     -3.72212      2.72293      0.00000
     -3.71212      3.22541      0.00000
     -3.70212      3.27474      0.00000
     -3.69212      3.21247      0.00000
     -3.68212      2.99609      0.00000
     -3.67212      2.48054      0.00000
     -3.66212      2.14492      0.00000
     -3.65212      2.11295      0.00000
     -3.64212      2.13955      0.00000
     -3.63212      2.38896      0.00000
     -3.62212      2.14724      0.00000
     -3.61212      1.72309      0.00000
     -3.60212      1.66288      0.00000
     -3.59212      1.47895      0.00000
     -3.58212      1.11746      0.00000
     -3.57212      1.44358      0.00000
     -3.56212      1.90201      0.00000
     -3.55212      1.87660      0.00000
     -3.54212      1.51716      0.00000
     -3.53212      1.38230      0.00000
     -3.52212      1.51011      0.00000
     -3.51212      1.95088      0.00000
     -3.50212      2.76485      0.00000
     -3.49212      3.58218      0.00000
     -3.48212      3.28248      0.00000
     -3.47212      2.07938      0.00000
     -3.46212      1.73156      0.00000
     -3.45212      2.33632      0.00000
     -3.44212      2.59277      0.00000
     -3.43212      2.74403      0.00000
     -3.42212      2.82230      0.00000
     -3.41212      2.49599      0.00000
     -3.40212      2.01193      0.00000
     -3.39212      1.52008      0.00000
     -3.38212      1.19825      0.00000
     -3.37212      1.40999      0.00000
     -3.36212      2.16229      0.00000
     -3.35212      2.54669      0.00000
     -3.34212      1.98380      0.00000
     -3.33212      1.25929      0.00000
     -3.32212      1.42740      0.00000
     -3.31212      2.02013      0.00000
     -3.30212      2.16087      0.00000
     -3.29212      2.00401      0.00000
     -3.28212      2.12872      0.00000
     -3.27212      2.72257      0.00000
     -3.26212      3.18576      0.00000
     -3.25212      3.23403      0.00000
     -3.24212      3.86013      0.00000
     -3.23212      4.19505      0.00000
     -3.22212      4.25436      0.00000
     -3.21212      3.87734      0.00000
     -3.20212      2.48330      0.00000
     -3.19212      1.34772      0.00000
     -3.18212      1.13742      0.00000
     -3.17212      1.24724      0.00000
     -3.16212      1.74937      0.00000
     -3.15212      2.25895      0.00000
     -3.14212      2.63809      0.00000
     -3.13212      3.38883      0.00000
     -3.12212      3.82199      0.00000
     -3.11212      3.38160      0.00000
     -3.10212      2.81121      0.00000
     -3.09212      2.60269      0.00000
     -3.08212      2.43651      0.00000
     -3.07212      2.41774      0.00000
     -3.06212      2.30811      0.00000
     -3.05212      2.84042      0.00000
     -3.04212      3.57710      0.00000
     -3.03212      3.43826      0.00000
     -3.02212      2.85605      0.00000
     -3.01212      2.73512      0.00000
     -3.00212      3.09788      0.00000
     -2.99212      3.63034      0.00000
     -2.98212      3.68520      0.00000
     -2.97212      2.75893      0.00000
     -2.96212      2.33729      0.00000
     -2.95212      3.39092      0.00000
     -2.94212      4.01776      0.00000
     -2.93212      3.23710      0.00000
     -2.92212      2.25652      0.00000
     -2.91212      1.78308      0.00000
     -2.90212      1.90465      0.00000
     -2.89212      2.56336      0.00000
     -2.88212      2.63791      0.00000
     -2.87212      3.09912      0.00000
     -2.86212      3.40573      0.00000
     -2.85212      2.42764      0.00000
     -2.84212      1.62251      0.00000
     -2.83212      1.67862      0.00000
     -2.82212      2.37966      0.00000
     -2.81212      3.09619      0.00000
     -2.80212      3.80733      0.00000
     -2.79212      4.21952      0.00000
     -2.78212      3.66426      0.00000
     -2.77212      2.62264      0.00000
     -2.76212      2.08229      0.00000
     -2.75212      1.72496      0.00000
     -2.74212      2.35175      0.00000
     -2.73212      3.69940      0.00000
     -2.72212      3.74270      0.00000
     -2.71212      2.99733      0.00000
     -2.70212      2.60181      0.00000
     -2.69212      2.47748      0.00000
     -2.68212      2.59179      0.00000
     -2.67212      2.52698      0.00000
     -2.66212      2.42811      0.00000
     -2.65212      2.31919      0.00000
     -2.64212      1.85854      0.00000
     -2.63212      1.85298      0.00000
     -2.62212      2.41934      0.00000
     -2.61212      2.63343      0.00000
     -2.60212      2.82936      0.00000
     -2.59212      3.36497      0.00000
     -2.58212      3.79351      0.00000
     -2.57212      3.42151      0.00000
     -2.56212      2.77175      0.00000
     -2.55212      2.84521      0.00000
     -2.54212      3.19224      0.00000
     -2.53212      2.53992      0.00000
     -2.52212      1.15496      0.00000
     -2.51212      0.87963      0.00000
     -2.50212      2.10506      0.00000
     -2.49212      3.40564      0.00000
     -2.48212      3.42411      0.00000
     -2.47212      2.81701      0.00000
     -2.46212      1.88587      0.00000
     -2.45212      1.39676      0.00000
     -2.44212      2.17779      0.00000
     -2.43212      2.62509      0.00000
     -2.42212      2.47310      0.00000
     -2.41212      2.92324      0.00000
     -2.40212      3.02471      0.00000
     -2.39212      3.16682      0.00000
     -2.38212      3.19500      0.00000
     -2.37212      2.92715      0.00000
     -2.36212      3.00675      0.00000
     -2.35212      3.22141      0.00000
     -2.34212      2.78538      0.00000
     -2.33212      2.63479      0.00000
     -2.32212      3.59713      0.00000
     -2.31212      4.47539      0.00000
     -2.30212      3.92591      0.00000
     -2.29212      2.70301      0.00000
     -2.28212      1.33323      0.00000
     -2.27212      0.39979      0.00000
     -2.26212      0.37678      0.00000
     -2.25212      0.96410      0.00000
     -2.24212      1.47515      0.00000
     -2.23212      2.12434      0.00000
     -2.22212      3.01925      0.00000
     -2.21212      3.18539      0.00000
     -2.20212      3.15482      0.00000
     -2.19212      3.53364      0.00000
     -2.18212      3.36318      0.00000
     -2.17212      2.44289      0.00000
     -2.16212      2.19843      0.00000
     -2.15212      2.29071      0.00000
     -2.14212      2.20270      0.00000
     -2.13212      2.75748      0.00000
     -2.12212      3.01150      0.00000
     -2.11212      2.08256      0.00000
     -2.10212      1.58102      0.00000
     -2.09212      1.82949      0.00000
     -2.08212      1.79520      0.00000
     -2.07212      2.40243      0.00000
     -2.06212      3.44663      0.00000
     -2.05212      3.14605      0.00000
     -2.04212      2.28426      0.00000
     -2.03212      2.56234      0.00000
     -2.02212      3.03178      0.00000
     -2.01212      3.18017      0.00000
     -2.00212      3.26083      0.00000
     -1.99212      2.61166      0.00000
     -1.98212      1.89320      0.00000
     -1.97212      1.75250      0.00000
     -1.96212      2.18077      0.00000
     -1.95212      3.10568      0.00000
     -1.94212      3.32584      0.00000
     -1.93212      2.24951      0.00000
     -1.92212      1.65388      0.00000
     -1.91212      1.95630      0.00000
     -1.90212      2.69599      0.00000
     -1.89212      3.13931      0.00000
     -1.88212      2.49045      0.00000
     -1.87212      1.64245      0.00000
     -1.86212      1.67127      0.00000
     -1.85212      2.38586      0.00000
     -1.84212      2.61983      0.00000
     -1.83212      2.59872      0.00000
     -1.82212      2.68206      0.00000
     -1.81212      2.28892      0.00000
     -1.80212      2.08189      0.00000
     -1.79212      2.50119      0.00000
     -1.78212      2.45193      0.00000
     -1.77212      1.60831      0.00000
     -1.76212      1.19865      0.00000
     -1.75212      1.83376      0.00000
     -1.74212      3.03606      0.00000
     -1.73212      3.41312      0.00000
     -1.72212      2.59689      0.00000
     -1.71212      1.64430      0.00000
     -1.70212      1.21892      0.00000
     -1.69212      1.86242      0.00000
     -1.68212      3.02122      0.00000
     -1.67212      3.40943      0.00000
     -1.66212      3.20050      0.00000
     -1.65212      3.04977      0.00000
     -1.64212      2.99328      0.00000
     -1.63212      2.27826      0.00000
     -1.62212      1.33340      0.00000
     -1.61212      0.61779      0.00000
     -1.60212      0.71625      0.00000
     -1.59212      2.02989      0.00000
     -1.58212      3.73507      0.00000
     -1.57212      4.32190      0.00000
     -1.56212      3.60444      0.00000
     -1.55212      2.82115      0.00000
     -1.54212      2.37834      0.00000
     -1.53212      1.85448      0.00000
     -1.52212      1.50342      0.00000
     -1.51212      1.63250      0.00000
     -1.50212      2.30635      0.00000
     -1.49212      2.09475      0.00000
     -1.48212      1.65208      0.00000
     -1.47212      1.97010      0.00000
     -1.46212      2.42974      0.00000
     -1.45212      2.47069      0.00000
     -1.44212      1.76199      0.00000
     -1.43212      1.01072      0.00000
     -1.42212      0.70281      0.00000
     -1.41212      0.90440      0.00000
     -1.40212      1.62044      0.00000
     -1.39212      3.05424      0.00000
     -1.38212      3.72995      0.00000
     -1.37212      2.69081      0.00000
     -1.36212      1.92382      0.00000
     -1.35212      1.71835      0.00000
     -1.34212      1.35022      0.00000
     -1.33212      1.25105      0.00000
     -1.32212      1.43423      0.00000
     -1.31212      1.72716      0.00000
     -1.30212      2.38376      0.00000
     -1.29212      2.63881      0.00000
     -1.28212      2.29307      0.00000
     -1.27212      1.48695      0.00000
     -1.26212      0.70452      0.00000
     -1.25212      0.65194      0.00000
     -1.24212      0.87980      0.00000
     -1.23212      1.09908      0.00000
     -1.22212      1.40129      0.00000
     -1.21212      1.31552      0.00000
     -1.20212      0.75854      0.00000
     -1.19212      0.67735      0.00000
     -1.18212      0.98139      0.00000
     -1.17212      1.16163      0.00000
     -1.16212      1.44836      0.00000
     -1.15212      1.88608      0.00000
     -1.14212      1.74807      0.00000
     -1.13212      1.58971      0.00000
     -1.12212      1.66737      0.00000
     -1.11212      1.16658      0.00000
     -1.10212      0.84177      0.00000
     -1.09212      0.96591      0.00000
     -1.08212      0.97566      0.00000
     -1.07212      0.88642      0.00000
     -1.06212      0.74189      0.00000
     -1.05212      0.91172      0.00000
     -1.04212      1.10579      0.00000
     -1.03212      1.14180      0.00000
     -1.02212      1.35706      0.00000
     -1.01212      1.68374      0.00000
     -1.00212      1.59134      0.00000
     -0.99212      1.24264      0.00000
     -0.98212      1.60481      0.00000
     -0.97212      1.59359      0.00000
     -0.96212      0.72611      0.00000
     -0.95212      0.26464      0.00000
     -0.94212      0.40588      0.00000
     -0.93212      0.42722      0.00000
     -0.92212      0.17073      0.00000
     -0.91212      0.05077      0.00000
     -0.90212      0.17030      0.00000
     -0.89212      0.49585      0.00000
     -0.88212      0.81810      0.00000
     -0.87212      0.97018      0.00000
     -0.86212      1.14545      0.00000
     -0.85212      1.49579      0.00000
     -0.84212      1.43784      0.00000
     -0.83212      1.15192      0.00000
     -0.82212      0.78152      0.00000
     -0.81212      0.50533      0.00000
     -0.80212      0.82914      0.00000
     -0.79212      1.23849      0.00000
     -0.78212      1.29682      0.00000
     -0.77212      1.21063      0.00000
     -0.76212      0.89824      0.00000
     -0.75212      0.50168      0.00000
     -0.74212      0.31187      0.00000
     -0.73212      0.39005      0.00000
     -0.72212      0.76212      0.00000
     -0.71212      1.27727      0.00000
     -0.70212      1.38042      0.00000
     -0.69212      1.10118      0.00000
     -0.68212      0.55577      0.00000
     -0.67212      0.15590      0.00000
     -0.66212      0.13125      0.00000
     -0.65212      0.23092      0.00000
     -0.64212      0.16567      0.00000
     -0.63212      0.04491      0.00000
     -0.62212      0.02919      0.00000
     -0.61212      0.21455      0.00000
     -0.60212      0.70923      0.00000
     -0.59212      0.95254      0.00000
     -0.58212      0.73773      0.00000
     -0.57212      0.70433      0.00000
     -0.56212      0.60268      0.00000
     -0.55212      0.56506      0.00000
     -0.54212      0.90214      0.00000
     -0.53212      0.80984      0.00000
     -0.52212      0.43084      0.00000
     -0.51212      0.34226      0.00000
     -0.50212      0.47620      0.00000
     -0.49212      0.69061      0.00000
     -0.48212      0.78525      0.00000
     -0.47212      0.80729      0.00000
     -0.46212      0.50893      0.00000
     -0.45212      0.27181      0.00000
     -0.44212      0.30202      0.00000
     -0.43212      0.50096      0.00000
     -0.42212      0.89913      0.00000
     -0.41212      0.76399      0.00000
     -0.40212      0.24693      0.00000
     -0.39212      0.02976      0.00000
     -0.38212      0.00371      0.00000
     -0.37212      0.03030      0.00000
     -0.36212      0.14784      0.00000
     -0.35212      0.31856      0.00000
     -0.34212      0.45253      0.00000
     -0.33212      0.59739      0.00000
     -0.32212      0.56430      0.00000
     -0.31212      0.40650      0.00000
     -0.30212      0.46105      0.00000
     -0.29212      0.42568      0.00000
     -0.28212      0.30011      0.00000
     -0.27212      0.24986      0.00000
     -0.26212      0.12062      0.00000
     -0.25212      0.02420      0.00000
     -0.24212      0.01825      0.00000
     -0.23212      0.09117      0.00000
     -0.22212      0.29046      0.00000
     -0.21212      0.56489      0.00000
     -0.20212      0.65810      0.00000
     -0.19212      0.60356      0.00000
     -0.18212      0.39692      0.00000
     -0.17212      0.16249      0.00000
     -0.16212      0.09018      0.00000
     -0.15212      0.04414      0.00000
     -0.14212      0.00954      0.00000
     -0.13212      0.01218      0.00000
     -0.12212      0.09686      0.00000
     -0.11212      0.32354      0.00000
     -0.10212      0.43826      0.00000
     -0.09212      0.24262      0.00000
     -0.08212      0.05940      0.00000
     -0.07212      0.04241      0.00000
     -0.06212      0.10869      0.00000
     -0.05212      0.13798      0.00000
     -0.04212      0.07915      0.00000
     -0.03212      0.01956      0.00000
     -0.02212      0.00194      0.00000
     -0.01212      0.00007      0.00000
     -0.00212      0.00000      0.00000
      0.00788      0.00000      0.00000
      0.01788      0.00000      0.00000
      0.02788      0.00000      0.00000
      0.03788      0.00000      0.00000
      0.04788      0.00000      0.00000
      0.05788      0.00000      0.00000
      0.06788      0.00000      0.00000
      0.07788      0.00000      0.00000
      0.08788      0.00000      0.00000
      0.09788      0.00000      0.00000
      0.10788      0.00000      0.00000
      0.11788      0.00000      0.00000
      0.12788      0.00000      0.00000
      0.13788      0.00000      0.00000
      0.14788      0.00000      0.00000
      0.15788      0.00000      0.00000
      0.16788      0.00000      0.00000
      0.17788      0.00000      0.00000
      0.18788      0.00000      0.00000
      0.19788      0.00000      0.00000
      0.20788      0.00000      0.00000
      0.21788      0.00000      0.00000
      0.22788      0.00000      0.00000
      0.23788      0.00000      0.00000
      0.24788      0.00000      0.00000
      0.25788      0.00000      0.00000
      0.26788      0.00000      0.00000
      0.27788      0.00000      0.00000
      0.28788      0.00000      0.00000
      0.29788      0.00000      0.00000
      0.30788      0.00000      0.00000
      0.31788      0.00000      0.00000
      0.32788      0.00000      0.00000
      0.33788      0.00000      0.00000
      0.34788      0.00000      0.00000
      0.35788      0.00000      0.00000
      0.36788      0.00000      0.00000
      0.37788      0.00000      0.00000
      0.38788      0.00000      0.00000
      0.39788      0.00000      0.00000
      0.40788      0.00000      0.00000
      0.41788      0.00000      0.00000
      0.42788      0.00000      0.00000
      0.43788      0.00000      0.00000
      0.44788      0.00000      0.00000
      0.45788      0.00000      0.00000
      0.46788      0.00000      0.00000
      0.47788      0.00000      0.00000
      0.48788      0.00000      0.00000
      0.49788      0.00000      0.00000
      0.50788      0.00000      0.00000
      0.51788      0.00000      0.00000
      0.52788      0.00000      0.00000
      0.53788      0.00000      0.00000
      0.54788      0.00000      0.00000
      0.55788      0.00000      0.00000
      0.56788      0.00000      0.00000
      0.57788      0.00000      0.00000
      0.58788      0.00000      0.00000
      0.59788      0.00000      0.00000
      0.60788      0.00000      0.00000
      0.61788      0.00000      0.00000
      0.62788      0.00000      0.00000
      0.63788      0.00000      0.00000
      0.64788      0.00000      0.00000
      0.65788      0.00000      0.00000
      0.66788      0.00000      0.00000
      0.67788      0.00000      0.00000
      0.68788      0.00000      0.00000
      0.69788      0.00000      0.00000
      0.70788      0.00000      0.00000
      0.71788      0.00000      0.00000
      0.72788      0.00000      0.00000
      0.73788      0.00000      0.00000
      0.74788      0.00000      0.00000
      0.75788      0.00000      0.00000
      0.76788      0.00000      0.00000
      0.77788      0.00000      0.00000
      0.78788      0.00000      0.00000
      0.79788      0.00000      0.00000
      0.80788      0.00000      0.00000
      0.81788      0.00000      0.00000
      0.82788      0.00000      0.00000
      0.83788      0.00000      0.00000
      0.84788      0.00000      0.00000
      0.85788      0.00000      0.00000
      0.86788      0.00000      0.00000
      0.87788      0.00000      0.00000
      0.88788      0.00000      0.00000
      0.89788      0.00000      0.00000
      0.90788      0.00000      0.00000
      0.91788      0.00000      0.00000
      0.92788      0.00000      0.00000
      0.93788      0.00000      0.00000
      0.94788      0.00000      0.00000
      0.95788      0.00000      0.00000
      0.96788      0.00000      0.00000
      0.97788      0.00000      0.00000
      0.98788      0.00000      0.00000
      0.99788      0.00000      0.00000
      1.00788      0.00000      0.00000
      1.01788      0.00000      0.00000
      1.02788      0.00000      0.00000
      1.03788      0.00000      0.00000
      1.04788      0.00000      0.00000
      1.05788      0.00000      0.00000
      1.06788      0.00000      0.00000
      1.07788      0.00000      0.00000
      1.08788      0.00000      0.00000
      1.09788      0.00000      0.00000
      1.10788      0.00000      0.00000
      1.11788      0.00000      0.00000
      1.12788      0.00000      0.00000
      1.13788      0.00000      0.00000
      1.14788      0.00000      0.00000
      1.15788      0.00000      0.00000
      1.16788      0.00000      0.00000
      1.17788      0.00000      0.00000
      1.18788      0.00000      0.00000
      1.19788      0.00000      0.00000
      1.20788      0.00000      0.00000
      1.21788      0.00000      0.00000
      1.22788      0.00000      0.00000
      1.23788      0.00000      0.00000
      1.24788      0.00000      0.00000
      1.25788      0.00000      0.00000
      1.26788      0.00000      0.00000
      1.27788      0.00007      0.00000
      1.28788      0.00267      0.00000
      1.29788      0.03750      0.00000
      1.30788      0.20363      0.00000
      1.31788      0.43291      0.00000
      1.32788      0.37346      0.00000
      1.33788      0.20432      0.00000
      1.34788      0.25174      0.00000
      1.35788      0.32109      0.00000
      1.36788      0.29959      0.00000
      1.37788      0.17058      0.00000
      1.38788      0.04222      0.00000
      1.39788      0.00730      0.00000
      1.40788      0.03751      0.00000
      1.41788      0.15455      0.00000
      1.42788      0.24645      0.00000
      1.43788      0.21910      0.00000
      1.44788      0.24349      0.00000
      1.45788      0.19583      0.00000
      1.46788      0.06830      0.00000
      1.47788      0.07779      0.00000
      1.48788      0.40411      0.00000
      1.49788      0.88452      0.00000
      1.50788      0.78479      0.00000
      1.51788      0.53343      0.00000
      1.52788      0.80862      0.00000
      1.53788      1.25192      0.00000
      1.54788      1.27473      0.00000
      1.55788      0.78837      0.00000
      1.56788      0.53631      0.00000
      1.57788      0.57377      0.00000
      1.58788      0.53602      0.00000
      1.59788      0.51532      0.00000
      1.60788      0.47571      0.00000
      1.61788      0.51190      0.00000
      1.62788      0.42409      0.00000
      1.63788      0.17631      0.00000
      1.64788      0.16272      0.00000
      1.65788      0.34852      0.00000
      1.66788      0.55217      0.00000
      1.67788      0.78640      0.00000
      1.68788      0.96810      0.00000
      1.69788      1.00038      0.00000
      1.70788      0.65485      0.00000
      1.71788      0.26522      0.00000
      1.72788      0.46303      0.00000
      1.73788      0.99296      0.00000
      1.74788      0.99120      0.00000
      1.75788      0.66653      0.00000
      1.76788      0.47478      0.00000
      1.77788      0.32441      0.00000
      1.78788      0.23332      0.00000
      1.79788      0.39395      0.00000
      1.80788      0.53626      0.00000
      1.81788      0.77304      0.00000
      1.82788      1.58950      0.00000
      1.83788      2.08803      0.00000
      1.84788      1.84481      0.00000
      1.85788      1.52744      0.00000
      1.86788      1.46174      0.00000
      1.87788      1.51829      0.00000
      1.88788      1.82541      0.00000
      1.89788      1.58186      0.00000
      1.90788      0.65389      0.00000
      1.91788      0.15991      0.00000
      1.92788      0.25008      0.00000
      1.93788      0.47319      0.00000
      1.94788      0.45386      0.00000
      1.95788      0.68513      0.00000
      1.96788      1.19250      0.00000
      1.97788      1.37552      0.00000
      1.98788      1.47580      0.00000
      1.99788      1.45675      0.00000
      2.00788      1.37566      0.00000
      2.01788      1.18741      0.00000
      2.02788      1.12935      0.00000
      2.03788      1.31463      0.00000
      2.04788      0.98444      0.00000
      2.05788      0.59714      0.00000
      2.06788      1.06738      0.00000
      2.07788      1.79203      0.00000
      2.08788      1.87010      0.00000
      2.09788      1.43967      0.00000
      2.10788      0.90179      0.00000
      2.11788      0.54521      0.00000
      2.12788      0.60087      0.00000
      2.13788      0.98338      0.00000
      2.14788      1.38439      0.00000
      2.15788      1.68349      0.00000
      2.16788      2.25826      0.00000
      2.17788      2.03109      0.00000
      2.18788      0.94578      0.00000
      2.19788      0.84567      0.00000
      2.20788      1.28714      0.00000
      2.21788      1.13919      0.00000
      2.22788      1.00224      0.00000
      2.23788      1.16838      0.00000
      2.24788      1.62878      0.00000
      2.25788      2.11443      0.00000
      2.26788      2.81863      0.00000
      2.27788      3.27355      0.00000
      2.28788      2.51832      0.00000
      2.29788      1.97656      0.00000
      2.30788      2.16328      0.00000
      2.31788      2.22935      0.00000
      2.32788      1.70361      0.00000
      2.33788      1.13327      0.00000
      2.34788      0.84853      0.00000
      2.35788      1.10414      0.00000
      2.36788      1.65598      0.00000
      2.37788      1.76566      0.00000
      2.38788      1.47823      0.00000
      2.39788      1.33087      0.00000
      2.40788      1.58231      0.00000
      2.41788      1.89783      0.00000
      2.42788      2.18350      0.00000
      2.43788      2.40445      0.00000
      2.44788      2.39192      0.00000
      2.45788      2.35992      0.00000
      2.46788      1.91397      0.00000
      2.47788      1.36711      0.00000
      2.48788      1.47976      0.00000
      2.49788      2.15316      0.00000
      2.50788      2.50578      0.00000
      2.51788      2.62691      0.00000
      2.52788      2.34263      0.00000
      2.53788      1.47842      0.00000
      2.54788      1.25879      0.00000
      2.55788      1.87549      0.00000
      2.56788      2.09258      0.00000
      2.57788      2.13437      0.00000
      2.58788      2.21269      0.00000
      2.59788      2.12359      0.00000
      2.60788      1.75195      0.00000
      2.61788      1.31396      0.00000
      2.62788      1.72011      0.00000
      2.63788      2.41308      0.00000
      2.64788      2.32092      0.00000
      2.65788      1.85440      0.00000
      2.66788      1.88222      0.00000
      2.67788      2.25440      0.00000
      2.68788      2.48001      0.00000
      2.69788      3.08979      0.00000
      2.70788      3.58445      0.00000
      2.71788      3.10322      0.00000
      2.72788      2.79158      0.00000
      2.73788      4.06368      0.00000
      2.74788      4.46303      0.00000
      2.75788      2.78339      0.00000
      2.76788      1.97488      0.00000
      2.77788      2.81950      0.00000
      2.78788      3.83986      0.00000
      2.79788      4.08314      0.00000
      2.80788      3.38317      0.00000
      2.81788      2.14054      0.00000
      2.82788      1.98980      0.00000
      2.83788      2.92339      0.00000
      2.84788      3.72741      0.00000
      2.85788      3.76467      0.00000
      2.86788      3.19845      0.00000
      2.87788      3.01352      0.00000
      2.88788      2.86278      0.00000
      2.89788      2.14748      0.00000
      2.90788      2.45286      0.00000
      2.91788      3.36670      0.00000
      2.92788      3.37176      0.00000
      2.93788      2.87519      0.00000
      2.94788      2.72174      0.00000
      2.95788      2.66304      0.00000
      2.96788      2.50719      0.00000
      2.97788      2.32969      0.00000
      2.98788      3.17272      0.00000
      2.99788      4.40957      0.00000
      3.00788      3.86749      0.00000
      3.01788      3.08419      0.00000
      3.02788      3.36040      0.00000
      3.03788      3.24766      0.00000
      3.04788      2.43694      0.00000
      3.05788      2.24073      0.00000
      3.06788      2.56309      0.00000
      3.07788      2.56091      0.00000
      3.08788      3.13002      0.00000
      3.09788      3.33829      0.00000
      3.10788      2.38399      0.00000
      3.11788      2.12894      0.00000
      3.12788      2.61987      0.00000
      3.13788      2.73038      0.00000
      3.14788      2.54887      0.00000
      3.15788      2.47581      0.00000
      3.16788      1.97388      0.00000
      3.17788      1.57573      0.00000
      3.18788      1.70992      0.00000
      3.19788      1.99947      0.00000
      3.20788      2.19200      0.00000
      3.21788      1.88663      0.00000
      3.22788      1.54166      0.00000
      3.23788      2.05169      0.00000
      3.24788      3.09911      0.00000
      3.25788      4.08603      0.00000
      3.26788      3.84226      0.00000
      3.27788      2.79148      0.00000
      3.28788      2.43248      0.00000
      3.29788      2.44675      0.00000
      3.30788      2.49213      0.00000
      3.31788      2.28260      0.00000
      3.32788      2.52983      0.00000
      3.33788      3.29340      0.00000
      3.34788      3.26489      0.00000
      3.35788      2.53559      0.00000
      3.36788      1.85656      0.00000
      3.37788      1.66970      0.00000
      3.38788      1.92237      0.00000
      3.39788      2.30657      0.00000
      3.40788      2.27481      0.00000
      3.41788      1.66548      0.00000
      3.42788      1.37649      0.00000
      3.43788      1.79505      0.00000
      3.44788      1.72739      0.00000
      3.45788      1.18479      0.00000
      3.46788      1.33192      0.00000
      3.47788      2.12700      0.00000
      3.48788      2.37061      0.00000
      3.49788      1.93250      0.00000
      3.50788      2.13326      0.00000
      3.51788      3.31080      0.00000
      3.52788      3.80119      0.00000
      3.53788      3.07131      0.00000
      3.54788      2.03561      0.00000
      3.55788      1.20913      0.00000
      3.56788      1.05392      0.00000
      3.57788      1.96638      0.00000
      3.58788      2.82897      0.00000
      3.59788      2.49301      0.00000
      3.60788      1.71705      0.00000
      3.61788      1.68385      0.00000
      3.62788      2.46537      0.00000
      3.63788      2.65278      0.00000
      3.64788      2.03772      0.00000
      3.65788      1.56211      0.00000
      3.66788      1.41005      0.00000
      3.67788      1.41610      0.00000
      3.68788      1.82939      0.00000
      3.69788      1.83565      0.00000
      3.70788      1.37143      0.00000
      3.71788      1.17683      0.00000
      3.72788      1.20649      0.00000
      3.73788      1.32917      0.00000
      3.74788      1.79259      0.00000
      3.75788      2.28327      0.00000
      3.76788      2.33323      0.00000
      3.77788      2.22190      0.00000
      3.78788      2.34675      0.00000
      3.79788      2.38916      0.00000
      3.80788      1.90082      0.00000
      3.81788      1.89384      0.00000
      3.82788      2.12547      0.00000
      3.83788      1.73014      0.00000
      3.84788      1.18813      0.00000
      3.85788      1.23280      0.00000
      3.86788      2.08773      0.00000
      3.87788      3.20964      0.00000
      3.88788      3.11453      0.00000
      3.89788      1.78283      0.00000
      3.90788      1.07326      0.00000
      3.91788      1.37766      0.00000
      3.92788      2.06004      0.00000
      3.93788      3.00418      0.00000
      3.94788      2.78923      0.00000
      3.95788      1.85354      0.00000
      3.96788      1.94741      0.00000
      3.97788      2.09094      0.00000
      3.98788      1.17481      0.00000
      3.99788      0.41418      0.00000
      4.00788      0.58907      0.00000
      4.01788      1.16653      0.00000
      4.02788      1.90558      0.00000
      4.03788      2.66928      0.00000
      4.04788      2.74973      0.00000
      4.05788      2.56824      0.00000
      4.06788      2.31626      0.00000
      4.07788      1.97058      0.00000
      4.08788      2.49841      0.00000
      4.09788      2.70629      0.00000
      4.10788      2.62446      0.00000
      4.11788      3.74920      0.00000
      4.12788      4.86350      0.00000
      4.13788      4.10824      0.00000
      4.14788      2.77437      0.00000
      4.15788      2.98260      0.00000
      4.16788      4.01146      0.00000
      4.17788      4.07237      0.00000
      4.18788      3.51444      0.00000
      4.19788      4.05629      0.00000
      4.20788      5.13265      0.00000
      4.21788      5.84657      0.00000
      4.22788      6.39868      0.00000
      4.23788      6.50450      0.00000
      4.24788      5.79613      0.00000
      4.25788      4.61543      0.00000
      4.26788      4.05518      0.00000
      4.27788      3.27094      0.00000
      4.28788      2.64014      0.00000
      4.29788      3.64476      0.00000
      4.30788      5.30483      0.00000
      4.31788      5.63421      0.00000
      4.32788      4.67727      0.00000
      4.33788      3.80093      0.00000
      4.34788      4.03855      0.00000
      4.35788      4.27593      0.00000
      4.36788      3.29083      0.00000
      4.37788      1.87407      0.00000
      4.38788      1.55325      0.00000
      4.39788      2.26715      0.00000
      4.40788      2.96470      0.00000
      4.41788      3.48248      0.00000
      4.42788      3.95562      0.00000
      4.43788      3.97022      0.00000
      4.44788      4.10992      0.00000
      4.45788      4.46697      0.00000
      4.46788      4.49428      0.00000
      4.47788      4.24123      0.00000
      4.48788      4.19241      0.00000
      4.49788      4.36173      0.00000
      4.50788      4.03289      0.00000
      4.51788      3.07010      0.00000
      4.52788      2.48678      0.00000
      4.53788      2.92869      0.00000
      4.54788      3.74536      0.00000
      4.55788      4.15520      0.00000
      4.56788      3.65191      0.00000
      4.57788      3.58683      0.00000
      4.58788      4.59743      0.00000
      4.59788      5.16259      0.00000
      4.60788      3.96250      0.00000
      4.61788      2.60065      0.00000
      4.62788      2.87545      0.00000
      4.63788      3.30925      0.00000
      4.64788      2.92628      0.00000
      4.65788      2.71534      0.00000
      4.66788      2.46274      0.00000
      4.67788      2.04938      0.00000
      4.68788      2.31953      0.00000
      4.69788      2.80201      0.00000
      4.70788      2.92719      0.00000
      4.71788      3.39045      0.00000
      4.72788      3.39808      0.00000
      4.73788      2.84608      0.00000
      4.74788      2.88211      0.00000
      4.75788      2.40187      0.00000
      4.76788      1.64082      0.00000
      4.77788      1.68657      0.00000
      4.78788      2.02323      0.00000
      4.79788      2.16401      0.00000
      4.80788      2.38927      0.00000
      4.81788      3.34989      0.00000
      4.82788      4.03865      0.00000
      4.83788      3.19987      0.00000
      4.84788      2.61193      0.00000
      4.85788      2.63671      0.00000
      4.86788      1.66252      0.00000
      4.87788      0.99727      0.00000
      4.88788      1.45811      0.00000
      4.89788      1.68380      0.00000
      4.90788      1.61869      0.00000
      4.91788      2.09629      0.00000
      4.92788      2.15825      0.00000
      4.93788      1.26331      0.00000
      4.94788      0.80939      0.00000
      4.95788      1.23715      0.00000
      4.96788      1.67330      0.00000
      4.97788      2.22916      0.00000
      4.98788      2.91796      0.00000
      4.99788      2.95786      0.00000
      5.00788      2.42503      0.00000
      5.01788      2.67178      0.00000
      5.02788      3.38243      0.00000
      5.03788      3.35214      0.00000
      5.04788      2.76044      0.00000
      5.05788      1.91359      0.00000
      5.06788      1.76354      0.00000
      5.07788      3.12087      0.00000
      5.08788      4.44532      0.00000
      5.09788      4.19393      0.00000
      5.10788      3.39354      0.00000
      5.11788      2.74825      0.00000
      5.12788      2.60051      0.00000
      5.13788      2.66633      0.00000
      5.14788      2.43221      0.00000
      5.15788      2.38148      0.00000
      5.16788      2.63062      0.00000
      5.17788      2.41675      0.00000
      5.18788      2.26430      0.00000
      5.19788      2.11086      0.00000
      5.20788      1.47488      0.00000
      5.21788      1.35212      0.00000
      5.22788      1.87746      0.00000
      5.23788      2.34843      0.00000
      5.24788      2.72825      0.00000
      5.25788      2.93880      0.00000
      5.26788      2.55483      0.00000
      5.27788      2.24471      0.00000
      5.28788      2.41226      0.00000
      5.29788      2.28976      0.00000
      5.30788      1.83441      0.00000
      5.31788      1.42262      0.00000
      5.32788      1.12851      0.00000
      5.33788      0.90860      0.00000
      5.34788      1.28395      0.00000
      5.35788      2.25144      0.00000
      5.36788      2.40721      0.00000
      5.37788      2.34486      0.00000
      5.38788      2.71247      0.00000
      5.39788      2.63727      0.00000
      5.40788      2.35460      0.00000
      5.41788      2.31027      0.00000
      5.42788      2.41809      0.00000
      5.43788      2.36905      0.00000
      5.44788      2.29215      0.00000
      5.45788      2.49956      0.00000
      5.46788      3.27426      0.00000
      5.47788      3.97657      0.00000
      5.48788      3.87462      0.00000
      5.49788      3.62946      0.00000
      5.50788      3.31708      0.00000
      5.51788      3.08574      0.00000
      5.52788      2.88719      0.00000
      5.53788      2.30724      0.00000
      5.54788      1.73885      0.00000
      5.55788      1.78962      0.00000
      5.56788      2.18363      0.00000
      5.57788      2.62048      0.00000
      5.58788      2.54528      0.00000
      5.59788      2.12023      0.00000
      5.60788      2.27798      0.00000
      5.61788      3.44754      0.00000
      5.62788      3.94217      0.00000
      5.63788      3.22287      0.00000
      5.64788      2.82977      0.00000
      5.65788      2.82194      0.00000
      5.66788      3.68557      0.00000
      5.67788      4.13968      0.00000
      5.68788      2.68856      0.00000
      5.69788      1.71803      0.00000
      5.70788      2.62059      0.00000
      5.71788      3.97161      0.00000
      5.72788      4.20447      0.00000
      5.73788      3.94316      0.00000
      5.74788      3.57457      0.00000
      5.75788      2.81901      0.00000
      5.76788      1.89556      0.00000
      5.77788      1.09705      0.00000
      5.78788      0.73028      0.00000
      5.79788      0.48013      0.00000
      5.80788      0.60040      0.00000
      5.81788      1.27804      0.00000
      5.82788      1.66040      0.00000
      5.83788      1.76481      0.00000
      5.84788      2.17046      0.00000
      5.85788      2.66415      0.00000
      5.86788      3.32437      0.00000
      5.87788      4.14440      0.00000
      5.88788      3.69278      0.00000
      5.89788      1.99332      0.00000
      5.90788      1.76197      0.00000
      5.91788      3.13191      0.00000
      5.92788      3.67320      0.00000
      5.93788      3.19702      0.00000
      5.94788      2.28598      0.00000
      5.95788      1.75621      0.00000
      5.96788      1.94861      0.00000
      5.97788      2.03975      0.00000
      5.98788      1.64503      0.00000
      5.99788      1.89705      0.00000
      6.00788      2.81679      0.00000
      6.01788      3.04969      0.00000
      6.02788      2.47471      0.00000
      6.03788      2.15672      0.00000
      6.04788      2.00551      0.00000
      6.05788      1.52467      0.00000
      6.06788      1.43906      0.00000
      6.07788      1.45601      0.00000
      6.08788      1.47941      0.00000
      6.09788      1.67387      0.00000
      6.10788      2.10805      0.00000
      6.11788      2.70253      0.00000
      6.12788      2.71134      0.00000
      6.13788      3.13716      0.00000
      6.14788      4.30438      0.00000
      6.15788      3.76624      0.00000
      6.16788      1.91945      0.00000
      6.17788      1.16318      0.00000
      6.18788      1.89483      0.00000
      6.19788      2.73195      0.00000
      6.20788      2.64889      0.00000
      6.21788      2.50390      0.00000
      6.22788      3.08910      0.00000
      6.23788      3.38177      0.00000
      6.24788      2.77758      0.00000
      6.25788      2.10238      0.00000
